// Jest Snapshot v1, https://goo.gl/fbAQLP

exports[`News Container should match snapshot 1`] = `
<section
  className="news_container"
>
  <h1
    className="news__section__title"
  >
    Out of this world News!
  </h1>
  <Component
    key="0"
  />
</section>
`;
