// Jest Snapshot v1, https://goo.gl/fbAQLP

exports[`StationContentRoute component should match snapshot 1`] = `
<Switch>
  <Route
    component={[Function]}
    path="/ISS/destinations"
  />
  <Route
    component={[Function]}
    path="/ISS/store"
  />
</Switch>
`;
