// Jest Snapshot v1, https://goo.gl/fbAQLP

exports[`App component should match snapshot 1`] = `
<div
  className="App"
>
  <Connect(Fetch) />
  <Component />
  <Component />
</div>
`;
